=== item_knn  ===
model=item_knn combinations=140 select_by=ndcg@10
[1/140] {'alpha': 0.0, 'shrink': 0, 'top_k': 3} -> ndcg@10=0.0001 hr@100=0.0013 (1.2s)
[2/140] {'alpha': 0.0, 'shrink': 0, 'top_k': 5} -> ndcg@10=0.0001 hr@100=0.0015 (1.2s)
[3/140] {'alpha': 0.0, 'shrink': 0, 'top_k': 10} -> ndcg@10=0.0000 hr@100=0.0013 (1.2s)
[4/140] {'alpha': 0.0, 'shrink': 0, 'top_k': 20} -> ndcg@10=0.0000 hr@100=0.0007 (1.3s)
[5/140] {'alpha': 0.0, 'shrink': 0, 'top_k': 50} -> ndcg@10=0.0000 hr@100=0.0015 (1.3s)
[6/140] {'alpha': 0.0, 'shrink': 0, 'top_k': 100} -> ndcg@10=0.0000 hr@100=0.0038 (1.2s)
[7/140] {'alpha': 0.0, 'shrink': 0, 'top_k': 200} -> ndcg@10=0.0000 hr@100=0.0070 (1.4s)
[8/140] {'alpha': 0.0, 'shrink': 10, 'top_k': 3} -> ndcg@10=0.0075 hr@100=0.0902 (1.3s)
[9/140] {'alpha': 0.0, 'shrink': 10, 'top_k': 5} -> ndcg@10=0.0081 hr@100=0.0950 (1.3s)
[10/140] {'alpha': 0.0, 'shrink': 10, 'top_k': 10} -> ndcg@10=0.0080 hr@100=0.0960 (1.3s)
[11/140] {'alpha': 0.0, 'shrink': 10, 'top_k': 20} -> ndcg@10=0.0089 hr@100=0.1026 (1.3s)
[12/140] {'alpha': 0.0, 'shrink': 10, 'top_k': 50} -> ndcg@10=0.0073 hr@100=0.1070 (1.3s)
[13/140] {'alpha': 0.0, 'shrink': 10, 'top_k': 100} -> ndcg@10=0.0071 hr@100=0.1078 (1.4s)
[14/140] {'alpha': 0.0, 'shrink': 10, 'top_k': 200} -> ndcg@10=0.0064 hr@100=0.1003 (1.2s)
[15/140] {'alpha': 0.0, 'shrink': 100, 'top_k': 3} -> ndcg@10=0.0208 hr@100=0.1960 (1.3s)
[16/140] {'alpha': 0.0, 'shrink': 100, 'top_k': 5} -> ndcg@10=0.0211 hr@100=0.2212 (1.2s)
[17/140] {'alpha': 0.0, 'shrink': 100, 'top_k': 10} -> ndcg@10=0.0226 hr@100=0.2290 (1.2s)
[18/140] {'alpha': 0.0, 'shrink': 100, 'top_k': 20} -> ndcg@10=0.0224 hr@100=0.2334 (1.3s)
[19/140] {'alpha': 0.0, 'shrink': 100, 'top_k': 50} -> ndcg@10=0.0220 hr@100=0.2364 (1.3s)
[20/140] {'alpha': 0.0, 'shrink': 100, 'top_k': 100} -> ndcg@10=0.0205 hr@100=0.2321 (1.3s)
[21/140] {'alpha': 0.0, 'shrink': 100, 'top_k': 200} -> ndcg@10=0.0210 hr@100=0.2232 (1.4s)
[22/140] {'alpha': 0.0, 'shrink': 500, 'top_k': 3} -> ndcg@10=0.0290 hr@100=0.2641 (1.4s)
[23/140] {'alpha': 0.0, 'shrink': 500, 'top_k': 5} -> ndcg@10=0.0300 hr@100=0.2955 (1.3s)
[24/140] {'alpha': 0.0, 'shrink': 500, 'top_k': 10} -> ndcg@10=0.0308 hr@100=0.3137 (1.4s)
[25/140] {'alpha': 0.0, 'shrink': 500, 'top_k': 20} -> ndcg@10=0.0312 hr@100=0.3081 (1.3s)
[26/140] {'alpha': 0.0, 'shrink': 500, 'top_k': 50} -> ndcg@10=0.0301 hr@100=0.2982 (1.4s)
[27/140] {'alpha': 0.0, 'shrink': 500, 'top_k': 100} -> ndcg@10=0.0285 hr@100=0.2866 (1.3s)
[28/140] {'alpha': 0.0, 'shrink': 500, 'top_k': 200} -> ndcg@10=0.0260 hr@100=0.2657 (1.2s)
[29/140] {'alpha': 0.25, 'shrink': 0, 'top_k': 3} -> ndcg@10=0.0299 hr@100=0.2392 (1.4s)
[30/140] {'alpha': 0.25, 'shrink': 0, 'top_k': 5} -> ndcg@10=0.0311 hr@100=0.2712 (1.3s)
[31/140] {'alpha': 0.25, 'shrink': 0, 'top_k': 10} -> ndcg@10=0.0303 hr@100=0.2921 (1.2s)
[32/140] {'alpha': 0.25, 'shrink': 0, 'top_k': 20} -> ndcg@10=0.0295 hr@100=0.2955 (1.2s)
[33/140] {'alpha': 0.25, 'shrink': 0, 'top_k': 50} -> ndcg@10=0.0291 hr@100=0.3084 (1.3s)
[34/140] {'alpha': 0.25, 'shrink': 0, 'top_k': 100} -> ndcg@10=0.0292 hr@100=0.3098 (1.3s)
[35/140] {'alpha': 0.25, 'shrink': 0, 'top_k': 200} -> ndcg@10=0.0303 hr@100=0.3012 (1.4s)
[36/140] {'alpha': 0.25, 'shrink': 10, 'top_k': 3} -> ndcg@10=0.0324 hr@100=0.2490 (1.3s)
[37/140] {'alpha': 0.25, 'shrink': 10, 'top_k': 5} -> ndcg@10=0.0318 hr@100=0.2874 (1.3s)
[38/140] {'alpha': 0.25, 'shrink': 10, 'top_k': 10} -> ndcg@10=0.0320 hr@100=0.3091 (1.3s)
[39/140] {'alpha': 0.25, 'shrink': 10, 'top_k': 20} -> ndcg@10=0.0319 hr@100=0.3104 (1.2s)
[40/140] {'alpha': 0.25, 'shrink': 10, 'top_k': 50} -> ndcg@10=0.0311 hr@100=0.3199 (1.3s)
[41/140] {'alpha': 0.25, 'shrink': 10, 'top_k': 100} -> ndcg@10=0.0307 hr@100=0.3146 (1.2s)
[42/140] {'alpha': 0.25, 'shrink': 10, 'top_k': 200} -> ndcg@10=0.0306 hr@100=0.3003 (1.3s)
[43/140] {'alpha': 0.25, 'shrink': 100, 'top_k': 3} -> ndcg@10=0.0321 hr@100=0.2669 (1.3s)
[44/140] {'alpha': 0.25, 'shrink': 100, 'top_k': 5} -> ndcg@10=0.0332 hr@100=0.3119 (1.2s)
[45/140] {'alpha': 0.25, 'shrink': 100, 'top_k': 10} -> ndcg@10=0.0334 hr@100=0.3325 (1.3s)
[46/140] {'alpha': 0.25, 'shrink': 100, 'top_k': 20} -> ndcg@10=0.0330 hr@100=0.3320 (1.3s)
[47/140] {'alpha': 0.25, 'shrink': 100, 'top_k': 50} -> ndcg@10=0.0330 hr@100=0.3288 (1.2s)
[48/140] {'alpha': 0.25, 'shrink': 100, 'top_k': 100} -> ndcg@10=0.0325 hr@100=0.3210 (1.3s)
[49/140] {'alpha': 0.25, 'shrink': 100, 'top_k': 200} -> ndcg@10=0.0293 hr@100=0.2980 (1.3s)
[50/140] {'alpha': 0.25, 'shrink': 500, 'top_k': 3} -> ndcg@10=0.0305 hr@100=0.2755 (1.3s)
[51/140] {'alpha': 0.25, 'shrink': 500, 'top_k': 5} -> ndcg@10=0.0324 hr@100=0.3101 (1.3s)
[52/140] {'alpha': 0.25, 'shrink': 500, 'top_k': 10} -> ndcg@10=0.0344 hr@100=0.3328 (1.2s)
[53/140] {'alpha': 0.25, 'shrink': 500, 'top_k': 20} -> ndcg@10=0.0326 hr@100=0.3257 (1.3s)
[54/140] {'alpha': 0.25, 'shrink': 500, 'top_k': 50} -> ndcg@10=0.0317 hr@100=0.3075 (1.2s)
[55/140] {'alpha': 0.25, 'shrink': 500, 'top_k': 100} -> ndcg@10=0.0292 hr@100=0.2823 (1.2s)
[56/140] {'alpha': 0.25, 'shrink': 500, 'top_k': 200} -> ndcg@10=0.0279 hr@100=0.2654 (1.3s)
[57/140] {'alpha': 0.5, 'shrink': 0, 'top_k': 3} -> ndcg@10=0.0357 hr@100=0.2866 (1.3s)
[58/140] {'alpha': 0.5, 'shrink': 0, 'top_k': 5} -> ndcg@10=0.0362 hr@100=0.3267 (1.3s)
[59/140] {'alpha': 0.5, 'shrink': 0, 'top_k': 10} -> ndcg@10=0.0361 hr@100=0.3578 (1.3s)
[60/140] {'alpha': 0.5, 'shrink': 0, 'top_k': 20} -> ndcg@10=0.0337 hr@100=0.3553 (1.3s)
[61/140] {'alpha': 0.5, 'shrink': 0, 'top_k': 50} -> ndcg@10=0.0327 hr@100=0.3368 (1.9s)
[62/140] {'alpha': 0.5, 'shrink': 0, 'top_k': 100} -> ndcg@10=0.0296 hr@100=0.3109 (1.9s)
[63/140] {'alpha': 0.5, 'shrink': 0, 'top_k': 200} -> ndcg@10=0.0290 hr@100=0.2869 (1.7s)
[64/140] {'alpha': 0.5, 'shrink': 10, 'top_k': 3} -> ndcg@10=0.0357 hr@100=0.2871 (2.0s)
[65/140] {'alpha': 0.5, 'shrink': 10, 'top_k': 5} -> ndcg@10=0.0358 hr@100=0.3273 (1.3s)
[66/140] {'alpha': 0.5, 'shrink': 10, 'top_k': 10} -> ndcg@10=0.0356 hr@100=0.3565 (1.3s)
[67/140] {'alpha': 0.5, 'shrink': 10, 'top_k': 20} -> ndcg@10=0.0334 hr@100=0.3515 (1.3s)
[68/140] {'alpha': 0.5, 'shrink': 10, 'top_k': 50} -> ndcg@10=0.0328 hr@100=0.3343 (1.3s)
[69/140] {'alpha': 0.5, 'shrink': 10, 'top_k': 100} -> ndcg@10=0.0295 hr@100=0.3084 (1.4s)
[70/140] {'alpha': 0.5, 'shrink': 10, 'top_k': 200} -> ndcg@10=0.0281 hr@100=0.2861 (1.4s)
[71/140] {'alpha': 0.5, 'shrink': 100, 'top_k': 3} -> ndcg@10=0.0341 hr@100=0.2778 (1.3s)
[72/140] {'alpha': 0.5, 'shrink': 100, 'top_k': 5} -> ndcg@10=0.0337 hr@100=0.3172 (1.3s)
[73/140] {'alpha': 0.5, 'shrink': 100, 'top_k': 10} -> ndcg@10=0.0333 hr@100=0.3425 (1.4s)
[74/140] {'alpha': 0.5, 'shrink': 100, 'top_k': 20} -> ndcg@10=0.0325 hr@100=0.3407 (1.3s)
[75/140] {'alpha': 0.5, 'shrink': 100, 'top_k': 50} -> ndcg@10=0.0302 hr@100=0.3179 (1.3s)
[76/140] {'alpha': 0.5, 'shrink': 100, 'top_k': 100} -> ndcg@10=0.0285 hr@100=0.2911 (1.3s)
[77/140] {'alpha': 0.5, 'shrink': 100, 'top_k': 200} -> ndcg@10=0.0265 hr@100=0.2707 (1.3s)
[78/140] {'alpha': 0.5, 'shrink': 500, 'top_k': 3} -> ndcg@10=0.0296 hr@100=0.2214 (1.4s)
[79/140] {'alpha': 0.5, 'shrink': 500, 'top_k': 5} -> ndcg@10=0.0313 hr@100=0.2705 (1.2s)
[80/140] {'alpha': 0.5, 'shrink': 500, 'top_k': 10} -> ndcg@10=0.0303 hr@100=0.3113 (1.4s)
[81/140] {'alpha': 0.5, 'shrink': 500, 'top_k': 20} -> ndcg@10=0.0291 hr@100=0.3166 (1.4s)
[82/140] {'alpha': 0.5, 'shrink': 500, 'top_k': 50} -> ndcg@10=0.0253 hr@100=0.2929 (1.5s)
[83/140] {'alpha': 0.5, 'shrink': 500, 'top_k': 100} -> ndcg@10=0.0250 hr@100=0.2722 (1.4s)
[84/140] {'alpha': 0.5, 'shrink': 500, 'top_k': 200} -> ndcg@10=0.0269 hr@100=0.2502 (1.4s)
[85/140] {'alpha': 0.75, 'shrink': 0, 'top_k': 3} -> ndcg@10=0.0299 hr@100=0.1944 (1.4s)
[86/140] {'alpha': 0.75, 'shrink': 0, 'top_k': 5} -> ndcg@10=0.0296 hr@100=0.2450 (1.4s)
[87/140] {'alpha': 0.75, 'shrink': 0, 'top_k': 10} -> ndcg@10=0.0290 hr@100=0.3023 (1.4s)
[88/140] {'alpha': 0.75, 'shrink': 0, 'top_k': 20} -> ndcg@10=0.0269 hr@100=0.3212 (1.4s)
[89/140] {'alpha': 0.75, 'shrink': 0, 'top_k': 50} -> ndcg@10=0.0246 hr@100=0.3043 (1.3s)
[90/140] {'alpha': 0.75, 'shrink': 0, 'top_k': 100} -> ndcg@10=0.0243 hr@100=0.2768 (1.2s)
[91/140] {'alpha': 0.75, 'shrink': 0, 'top_k': 200} -> ndcg@10=0.0255 hr@100=0.2536 (1.3s)/home/kohei/WorkSpace/blog/recommend_ml/src/recommend_ml/tune.py:111: FutureWarning: The behavior of DataFrame concatenation with empty or all-NA entries is deprecated. In a future version, this will no longer exclude empty or all-NA columns when determining the result dtypes. To retain the old behavior, exclude the relevant entries before the concat operation.
  pd.concat([previous, frame_final])

[92/140] {'alpha': 0.75, 'shrink': 10, 'top_k': 3} -> ndcg@10=0.0300 hr@100=0.1899 (1.2s)
[93/140] {'alpha': 0.75, 'shrink': 10, 'top_k': 5} -> ndcg@10=0.0293 hr@100=0.2421 (1.3s)
[94/140] {'alpha': 0.75, 'shrink': 10, 'top_k': 10} -> ndcg@10=0.0288 hr@100=0.3010 (1.2s)
[95/140] {'alpha': 0.75, 'shrink': 10, 'top_k': 20} -> ndcg@10=0.0267 hr@100=0.3189 (1.3s)
[96/140] {'alpha': 0.75, 'shrink': 10, 'top_k': 50} -> ndcg@10=0.0247 hr@100=0.3031 (1.2s)
[97/140] {'alpha': 0.75, 'shrink': 10, 'top_k': 100} -> ndcg@10=0.0245 hr@100=0.2765 (1.2s)
[98/140] {'alpha': 0.75, 'shrink': 10, 'top_k': 200} -> ndcg@10=0.0252 hr@100=0.2530 (1.3s)
[99/140] {'alpha': 0.75, 'shrink': 100, 'top_k': 3} -> ndcg@10=0.0288 hr@100=0.1637 (1.2s)
[100/140] {'alpha': 0.75, 'shrink': 100, 'top_k': 5} -> ndcg@10=0.0284 hr@100=0.2127 (1.3s)
[101/140] {'alpha': 0.75, 'shrink': 100, 'top_k': 10} -> ndcg@10=0.0282 hr@100=0.2811 (1.3s)
[102/140] {'alpha': 0.75, 'shrink': 100, 'top_k': 20} -> ndcg@10=0.0261 hr@100=0.3081 (1.2s)
[103/140] {'alpha': 0.75, 'shrink': 100, 'top_k': 50} -> ndcg@10=0.0237 hr@100=0.2952 (1.3s)
[104/140] {'alpha': 0.75, 'shrink': 100, 'top_k': 100} -> ndcg@10=0.0240 hr@100=0.2712 (1.3s)
[105/140] {'alpha': 0.75, 'shrink': 100, 'top_k': 200} -> ndcg@10=0.0253 hr@100=0.2508 (1.2s)
[106/140] {'alpha': 0.75, 'shrink': 500, 'top_k': 3} -> ndcg@10=0.0275 hr@100=0.1190 (1.3s)
[107/140] {'alpha': 0.75, 'shrink': 500, 'top_k': 5} -> ndcg@10=0.0275 hr@100=0.1598 (1.2s)
[108/140] {'alpha': 0.75, 'shrink': 500, 'top_k': 10} -> ndcg@10=0.0269 hr@100=0.2278 (1.3s)
[109/140] {'alpha': 0.75, 'shrink': 500, 'top_k': 20} -> ndcg@10=0.0248 hr@100=0.2869 (1.3s)
[110/140] {'alpha': 0.75, 'shrink': 500, 'top_k': 50} -> ndcg@10=0.0239 hr@100=0.2868 (1.3s)
[111/140] {'alpha': 0.75, 'shrink': 500, 'top_k': 100} -> ndcg@10=0.0246 hr@100=0.2626 (1.3s)
[112/140] {'alpha': 0.75, 'shrink': 500, 'top_k': 200} -> ndcg@10=0.0251 hr@100=0.2449 (1.3s)
[113/140] {'alpha': 1.0, 'shrink': 0, 'top_k': 3} -> ndcg@10=0.0253 hr@100=0.0753 (1.3s)
[114/140] {'alpha': 1.0, 'shrink': 0, 'top_k': 5} -> ndcg@10=0.0257 hr@100=0.1018 (1.3s)
[115/140] {'alpha': 1.0, 'shrink': 0, 'top_k': 10} -> ndcg@10=0.0252 hr@100=0.1497 (1.3s)
[116/140] {'alpha': 1.0, 'shrink': 0, 'top_k': 20} -> ndcg@10=0.0239 hr@100=0.2235 (1.4s)
[117/140] {'alpha': 1.0, 'shrink': 0, 'top_k': 50} -> ndcg@10=0.0231 hr@100=0.2821 (1.3s)
[118/140] {'alpha': 1.0, 'shrink': 0, 'top_k': 100} -> ndcg@10=0.0242 hr@100=0.2626 (1.4s)
[119/140] {'alpha': 1.0, 'shrink': 0, 'top_k': 200} -> ndcg@10=0.0242 hr@100=0.2439 (1.3s)
[120/140] {'alpha': 1.0, 'shrink': 10, 'top_k': 3} -> ndcg@10=0.0254 hr@100=0.0753 (1.2s)
[121/140] {'alpha': 1.0, 'shrink': 10, 'top_k': 5} -> ndcg@10=0.0259 hr@100=0.1018 (1.2s)
[122/140] {'alpha': 1.0, 'shrink': 10, 'top_k': 10} -> ndcg@10=0.0252 hr@100=0.1497 (1.3s)
[123/140] {'alpha': 1.0, 'shrink': 10, 'top_k': 20} -> ndcg@10=0.0238 hr@100=0.2235 (1.2s)
[124/140] {'alpha': 1.0, 'shrink': 10, 'top_k': 50} -> ndcg@10=0.0231 hr@100=0.2818 (1.3s)
[125/140] {'alpha': 1.0, 'shrink': 10, 'top_k': 100} -> ndcg@10=0.0242 hr@100=0.2623 (1.3s)
[126/140] {'alpha': 1.0, 'shrink': 10, 'top_k': 200} -> ndcg@10=0.0244 hr@100=0.2439 (1.2s)
[127/140] {'alpha': 1.0, 'shrink': 100, 'top_k': 3} -> ndcg@10=0.0258 hr@100=0.0753 (1.4s)
[128/140] {'alpha': 1.0, 'shrink': 100, 'top_k': 5} -> ndcg@10=0.0260 hr@100=0.1018 (1.4s)
[129/140] {'alpha': 1.0, 'shrink': 100, 'top_k': 10} -> ndcg@10=0.0253 hr@100=0.1497 (1.4s)
[130/140] {'alpha': 1.0, 'shrink': 100, 'top_k': 20} -> ndcg@10=0.0236 hr@100=0.2242 (1.3s)
[131/140] {'alpha': 1.0, 'shrink': 100, 'top_k': 50} -> ndcg@10=0.0231 hr@100=0.2813 (1.4s)
[132/140] {'alpha': 1.0, 'shrink': 100, 'top_k': 100} -> ndcg@10=0.0241 hr@100=0.2598 (1.2s)
[133/140] {'alpha': 1.0, 'shrink': 100, 'top_k': 200} -> ndcg@10=0.0243 hr@100=0.2425 (1.3s)
[134/140] {'alpha': 1.0, 'shrink': 500, 'top_k': 3} -> ndcg@10=0.0256 hr@100=0.0753 (1.2s)
[135/140] {'alpha': 1.0, 'shrink': 500, 'top_k': 5} -> ndcg@10=0.0258 hr@100=0.1018 (1.3s)
[136/140] {'alpha': 1.0, 'shrink': 500, 'top_k': 10} -> ndcg@10=0.0249 hr@100=0.1497 (1.3s)
[137/140] {'alpha': 1.0, 'shrink': 500, 'top_k': 20} -> ndcg@10=0.0236 hr@100=0.2240 (1.2s)
[138/140] {'alpha': 1.0, 'shrink': 500, 'top_k': 50} -> ndcg@10=0.0229 hr@100=0.2798 (1.3s)
[139/140] {'alpha': 1.0, 'shrink': 500, 'top_k': 100} -> ndcg@10=0.0241 hr@100=0.2561 (1.3s)
[140/140] {'alpha': 1.0, 'shrink': 500, 'top_k': 200} -> ndcg@10=0.0243 hr@100=0.2402 (1.2s)

best on valid: {'top_k': 5, 'shrink': 0, 'alpha': 0.5} ndcg@10=0.0362
item_knn       valid hr@10=0.0750 ndcg@10=0.0362 hr@20=0.1290 ndcg@20=0.0496 hr@100=0.3267 ndcg@100=0.0855 mrr=0.0339
item_knn       test  hr@10=0.0722 ndcg@10=0.0349 hr@20=0.1166 ndcg@20=0.0460 hr@100=0.3061 ndcg@100=0.0801 mrr=0.0321

saved -> /home/kohei/WorkSpace/blog/recommend_ml/results/tuning_item_knn_minNone.csv
saved -> /home/kohei/WorkSpace/blog/recommend_ml/results/results.csv
=== user_knn  ===
model=user_knn combinations=140 select_by=ndcg@10
[1/140] {'alpha': 0.0, 'shrink': 0, 'top_k': 3} -> ndcg@10=0.0180 hr@100=0.1096 (3.1s)
[2/140] {'alpha': 0.0, 'shrink': 0, 'top_k': 5} -> ndcg@10=0.0228 hr@100=0.1662 (3.0s)
[3/140] {'alpha': 0.0, 'shrink': 0, 'top_k': 10} -> ndcg@10=0.0301 hr@100=0.2440 (3.1s)
[4/140] {'alpha': 0.0, 'shrink': 0, 'top_k': 20} -> ndcg@10=0.0347 hr@100=0.2949 (3.0s)
[5/140] {'alpha': 0.0, 'shrink': 0, 'top_k': 50} -> ndcg@10=0.0359 hr@100=0.3609 (3.1s)
[6/140] {'alpha': 0.0, 'shrink': 0, 'top_k': 100} -> ndcg@10=0.0353 hr@100=0.3762 (3.2s)
[7/140] {'alpha': 0.0, 'shrink': 0, 'top_k': 200} -> ndcg@10=0.0350 hr@100=0.3783 (3.1s)
[8/140] {'alpha': 0.0, 'shrink': 10, 'top_k': 3} -> ndcg@10=0.0224 hr@100=0.1689 (3.0s)
[9/140] {'alpha': 0.0, 'shrink': 10, 'top_k': 5} -> ndcg@10=0.0288 hr@100=0.2359 (3.0s)
[10/140] {'alpha': 0.0, 'shrink': 10, 'top_k': 10} -> ndcg@10=0.0354 hr@100=0.2974 (3.0s)
[11/140] {'alpha': 0.0, 'shrink': 10, 'top_k': 20} -> ndcg@10=0.0367 hr@100=0.3421 (3.1s)
[12/140] {'alpha': 0.0, 'shrink': 10, 'top_k': 50} -> ndcg@10=0.0369 hr@100=0.3849 (3.1s)
[13/140] {'alpha': 0.0, 'shrink': 10, 'top_k': 100} -> ndcg@10=0.0365 hr@100=0.3899 (3.3s)
[14/140] {'alpha': 0.0, 'shrink': 10, 'top_k': 200} -> ndcg@10=0.0351 hr@100=0.3825 (3.2s)
[15/140] {'alpha': 0.0, 'shrink': 100, 'top_k': 3} -> ndcg@10=0.0318 hr@100=0.3089 (3.1s)
[16/140] {'alpha': 0.0, 'shrink': 100, 'top_k': 5} -> ndcg@10=0.0376 hr@100=0.3397 (3.0s)
[17/140] {'alpha': 0.0, 'shrink': 100, 'top_k': 10} -> ndcg@10=0.0394 hr@100=0.3775 (3.0s)
[18/140] {'alpha': 0.0, 'shrink': 100, 'top_k': 20} -> ndcg@10=0.0394 hr@100=0.4002 (3.0s)
[19/140] {'alpha': 0.0, 'shrink': 100, 'top_k': 50} -> ndcg@10=0.0398 hr@100=0.4007 (3.1s)
[20/140] {'alpha': 0.0, 'shrink': 100, 'top_k': 100} -> ndcg@10=0.0390 hr@100=0.3950 (3.1s)
[21/140] {'alpha': 0.0, 'shrink': 100, 'top_k': 200} -> ndcg@10=0.0374 hr@100=0.3806 (3.0s)
[22/140] {'alpha': 0.0, 'shrink': 500, 'top_k': 3} -> ndcg@10=0.0141 hr@100=0.3205 (3.0s)
[23/140] {'alpha': 0.0, 'shrink': 500, 'top_k': 5} -> ndcg@10=0.0271 hr@100=0.3626 (3.2s)
[24/140] {'alpha': 0.0, 'shrink': 500, 'top_k': 10} -> ndcg@10=0.0373 hr@100=0.3858 (3.2s)
[25/140] {'alpha': 0.0, 'shrink': 500, 'top_k': 20} -> ndcg@10=0.0396 hr@100=0.3907 (3.1s)
[26/140] {'alpha': 0.0, 'shrink': 500, 'top_k': 50} -> ndcg@10=0.0407 hr@100=0.3868 (3.1s)
[27/140] {'alpha': 0.0, 'shrink': 500, 'top_k': 100} -> ndcg@10=0.0396 hr@100=0.3733 (3.3s)
[28/140] {'alpha': 0.0, 'shrink': 500, 'top_k': 200} -> ndcg@10=0.0374 hr@100=0.3510 (3.0s)
[29/140] {'alpha': 0.25, 'shrink': 0, 'top_k': 3} -> ndcg@10=0.0228 hr@100=0.2096 (3.3s)
[30/140] {'alpha': 0.25, 'shrink': 0, 'top_k': 5} -> ndcg@10=0.0297 hr@100=0.2672 (3.2s)
[31/140] {'alpha': 0.25, 'shrink': 0, 'top_k': 10} -> ndcg@10=0.0355 hr@100=0.3180 (3.1s)
[32/140] {'alpha': 0.25, 'shrink': 0, 'top_k': 20} -> ndcg@10=0.0373 hr@100=0.3563 (3.3s)
[33/140] {'alpha': 0.25, 'shrink': 0, 'top_k': 50} -> ndcg@10=0.0379 hr@100=0.3901 (3.5s)
[34/140] {'alpha': 0.25, 'shrink': 0, 'top_k': 100} -> ndcg@10=0.0363 hr@100=0.3955 (3.2s)
[35/140] {'alpha': 0.25, 'shrink': 0, 'top_k': 200} -> ndcg@10=0.0360 hr@100=0.3869 (3.2s)
[36/140] {'alpha': 0.25, 'shrink': 10, 'top_k': 3} -> ndcg@10=0.0275 hr@100=0.2553 (3.8s)
[37/140] {'alpha': 0.25, 'shrink': 10, 'top_k': 5} -> ndcg@10=0.0338 hr@100=0.3041 (3.4s)
[38/140] {'alpha': 0.25, 'shrink': 10, 'top_k': 10} -> ndcg@10=0.0389 hr@100=0.3437 (3.1s)
[39/140] {'alpha': 0.25, 'shrink': 10, 'top_k': 20} -> ndcg@10=0.0387 hr@100=0.3834 (3.2s)
[40/140] {'alpha': 0.25, 'shrink': 10, 'top_k': 50} -> ndcg@10=0.0394 hr@100=0.3962 (3.3s)
[41/140] {'alpha': 0.25, 'shrink': 10, 'top_k': 100} -> ndcg@10=0.0375 hr@100=0.3982 (3.3s)
[42/140] {'alpha': 0.25, 'shrink': 10, 'top_k': 200} -> ndcg@10=0.0364 hr@100=0.3858 (3.2s)
[43/140] {'alpha': 0.25, 'shrink': 100, 'top_k': 3} -> ndcg@10=0.0244 hr@100=0.3248 (3.1s)
[44/140] {'alpha': 0.25, 'shrink': 100, 'top_k': 5} -> ndcg@10=0.0351 hr@100=0.3649 (3.2s)
[45/140] {'alpha': 0.25, 'shrink': 100, 'top_k': 10} -> ndcg@10=0.0382 hr@100=0.3876 (3.2s)
[46/140] {'alpha': 0.25, 'shrink': 100, 'top_k': 20} -> ndcg@10=0.0413 hr@100=0.3998 (3.2s)
[47/140] {'alpha': 0.25, 'shrink': 100, 'top_k': 50} -> ndcg@10=0.0405 hr@100=0.3974 (3.2s)
[48/140] {'alpha': 0.25, 'shrink': 100, 'top_k': 100} -> ndcg@10=0.0397 hr@100=0.3869 (3.3s)
[49/140] {'alpha': 0.25, 'shrink': 100, 'top_k': 200} -> ndcg@10=0.0378 hr@100=0.3692 (3.1s)
[50/140] {'alpha': 0.25, 'shrink': 500, 'top_k': 3} -> ndcg@10=0.0055 hr@100=0.3139 (3.2s)
[51/140] {'alpha': 0.25, 'shrink': 500, 'top_k': 5} -> ndcg@10=0.0142 hr@100=0.3379 (3.1s)
[52/140] {'alpha': 0.25, 'shrink': 500, 'top_k': 10} -> ndcg@10=0.0295 hr@100=0.3596 (3.2s)
[53/140] {'alpha': 0.25, 'shrink': 500, 'top_k': 20} -> ndcg@10=0.0349 hr@100=0.3646 (3.1s)
[54/140] {'alpha': 0.25, 'shrink': 500, 'top_k': 50} -> ndcg@10=0.0370 hr@100=0.3578 (3.1s)
[55/140] {'alpha': 0.25, 'shrink': 500, 'top_k': 100} -> ndcg@10=0.0366 hr@100=0.3435 (3.1s)
[56/140] {'alpha': 0.25, 'shrink': 500, 'top_k': 200} -> ndcg@10=0.0349 hr@100=0.3230 (3.2s)
[57/140] {'alpha': 0.5, 'shrink': 0, 'top_k': 3} -> ndcg@10=0.0260 hr@100=0.2995 (3.1s)
[58/140] {'alpha': 0.5, 'shrink': 0, 'top_k': 5} -> ndcg@10=0.0331 hr@100=0.3401 (3.2s)
[59/140] {'alpha': 0.5, 'shrink': 0, 'top_k': 10} -> ndcg@10=0.0380 hr@100=0.3737 (3.2s)
[60/140] {'alpha': 0.5, 'shrink': 0, 'top_k': 20} -> ndcg@10=0.0394 hr@100=0.3954 (3.1s)
[61/140] {'alpha': 0.5, 'shrink': 0, 'top_k': 50} -> ndcg@10=0.0400 hr@100=0.4026 (3.2s)
[62/140] {'alpha': 0.5, 'shrink': 0, 'top_k': 100} -> ndcg@10=0.0383 hr@100=0.3972 (3.2s)
[63/140] {'alpha': 0.5, 'shrink': 0, 'top_k': 200} -> ndcg@10=0.0369 hr@100=0.3788 (3.2s)
[64/140] {'alpha': 0.5, 'shrink': 10, 'top_k': 3} -> ndcg@10=0.0262 hr@100=0.3144 (3.2s)
[65/140] {'alpha': 0.5, 'shrink': 10, 'top_k': 5} -> ndcg@10=0.0335 hr@100=0.3525 (3.2s)
[66/140] {'alpha': 0.5, 'shrink': 10, 'top_k': 10} -> ndcg@10=0.0378 hr@100=0.3881 (3.1s)
[67/140] {'alpha': 0.5, 'shrink': 10, 'top_k': 20} -> ndcg@10=0.0390 hr@100=0.3988 (3.2s)
[68/140] {'alpha': 0.5, 'shrink': 10, 'top_k': 50} -> ndcg@10=0.0392 hr@100=0.4013 (3.2s)
[69/140] {'alpha': 0.5, 'shrink': 10, 'top_k': 100} -> ndcg@10=0.0394 hr@100=0.3909 (3.1s)
[70/140] {'alpha': 0.5, 'shrink': 10, 'top_k': 200} -> ndcg@10=0.0374 hr@100=0.3717 (3.0s)
[71/140] {'alpha': 0.5, 'shrink': 100, 'top_k': 3} -> ndcg@10=0.0100 hr@100=0.3164 (3.2s)
[72/140] {'alpha': 0.5, 'shrink': 100, 'top_k': 5} -> ndcg@10=0.0202 hr@100=0.3470 (3.0s)
[73/140] {'alpha': 0.5, 'shrink': 100, 'top_k': 10} -> ndcg@10=0.0320 hr@100=0.3687 (3.0s)
[74/140] {'alpha': 0.5, 'shrink': 100, 'top_k': 20} -> ndcg@10=0.0367 hr@100=0.3775 (3.1s)
[75/140] {'alpha': 0.5, 'shrink': 100, 'top_k': 50} -> ndcg@10=0.0386 hr@100=0.3695 (3.1s)
[76/140] {'alpha': 0.5, 'shrink': 100, 'top_k': 100} -> ndcg@10=0.0381 hr@100=0.3575 (3.2s)
[77/140] {'alpha': 0.5, 'shrink': 100, 'top_k': 200} -> ndcg@10=0.0364 hr@100=0.3358 (3.1s)
[78/140] {'alpha': 0.5, 'shrink': 500, 'top_k': 3} -> ndcg@10=0.0011 hr@100=0.1540 (3.0s)
[79/140] {'alpha': 0.5, 'shrink': 500, 'top_k': 5} -> ndcg@10=0.0036 hr@100=0.2796 (3.0s)
[80/140] {'alpha': 0.5, 'shrink': 500, 'top_k': 10} -> ndcg@10=0.0092 hr@100=0.3045 (3.1s)
[81/140] {'alpha': 0.5, 'shrink': 500, 'top_k': 20} -> ndcg@10=0.0236 hr@100=0.3202 (3.0s)
[82/140] {'alpha': 0.5, 'shrink': 500, 'top_k': 50} -> ndcg@10=0.0300 hr@100=0.3167 (3.0s)
[83/140] {'alpha': 0.5, 'shrink': 500, 'top_k': 100} -> ndcg@10=0.0309 hr@100=0.3036 (3.1s)
[84/140] {'alpha': 0.5, 'shrink': 500, 'top_k': 200} -> ndcg@10=0.0308 hr@100=0.2935 (3.0s)
[85/140] {'alpha': 0.75, 'shrink': 0, 'top_k': 3} -> ndcg@10=0.0134 hr@100=0.2692 (3.1s)
[86/140] {'alpha': 0.75, 'shrink': 0, 'top_k': 5} -> ndcg@10=0.0201 hr@100=0.3416 (3.0s)
[87/140] {'alpha': 0.75, 'shrink': 0, 'top_k': 10} -> ndcg@10=0.0275 hr@100=0.3596 (3.0s)
[88/140] {'alpha': 0.75, 'shrink': 0, 'top_k': 20} -> ndcg@10=0.0351 hr@100=0.3737 (3.1s)
[89/140] {'alpha': 0.75, 'shrink': 0, 'top_k': 50} -> ndcg@10=0.0369 hr@100=0.3651 (3.1s)
[90/140] {'alpha': 0.75, 'shrink': 0, 'top_k': 100} -> ndcg@10=0.0372 hr@100=0.3505 (3.1s)
[91/140] {'alpha': 0.75, 'shrink': 0, 'top_k': 200} -> ndcg@10=0.0366 hr@100=0.3334 (3.2s)/home/kohei/WorkSpace/blog/recommend_ml/src/recommend_ml/tune.py:111: FutureWarning: The behavior of DataFrame concatenation with empty or all-NA entries is deprecated. In a future version, this will no longer exclude empty or all-NA columns when determining the result dtypes. To retain the old behavior, exclude the relevant entries before the concat operation.
  pd.concat([previous, frame_final])

[92/140] {'alpha': 0.75, 'shrink': 10, 'top_k': 3} -> ndcg@10=0.0085 hr@100=0.2540 (3.0s)
[93/140] {'alpha': 0.75, 'shrink': 10, 'top_k': 5} -> ndcg@10=0.0160 hr@100=0.3296 (3.1s)
[94/140] {'alpha': 0.75, 'shrink': 10, 'top_k': 10} -> ndcg@10=0.0247 hr@100=0.3503 (3.0s)
[95/140] {'alpha': 0.75, 'shrink': 10, 'top_k': 20} -> ndcg@10=0.0331 hr@100=0.3588 (3.1s)
[96/140] {'alpha': 0.75, 'shrink': 10, 'top_k': 50} -> ndcg@10=0.0358 hr@100=0.3551 (3.1s)
[97/140] {'alpha': 0.75, 'shrink': 10, 'top_k': 100} -> ndcg@10=0.0363 hr@100=0.3417 (3.2s)
[98/140] {'alpha': 0.75, 'shrink': 10, 'top_k': 200} -> ndcg@10=0.0357 hr@100=0.3238 (3.2s)
[99/140] {'alpha': 0.75, 'shrink': 100, 'top_k': 3} -> ndcg@10=0.0011 hr@100=0.1194 (3.1s)
[100/140] {'alpha': 0.75, 'shrink': 100, 'top_k': 5} -> ndcg@10=0.0041 hr@100=0.2531 (3.0s)
[101/140] {'alpha': 0.75, 'shrink': 100, 'top_k': 10} -> ndcg@10=0.0087 hr@100=0.2993 (3.0s)
[102/140] {'alpha': 0.75, 'shrink': 100, 'top_k': 20} -> ndcg@10=0.0222 hr@100=0.3073 (3.8s)
[103/140] {'alpha': 0.75, 'shrink': 100, 'top_k': 50} -> ndcg@10=0.0292 hr@100=0.3142 (3.3s)
[104/140] {'alpha': 0.75, 'shrink': 100, 'top_k': 100} -> ndcg@10=0.0306 hr@100=0.3031 (3.4s)
[105/140] {'alpha': 0.75, 'shrink': 100, 'top_k': 200} -> ndcg@10=0.0311 hr@100=0.2935 (3.2s)
[106/140] {'alpha': 0.75, 'shrink': 500, 'top_k': 3} -> ndcg@10=0.0002 hr@100=0.0305 (3.1s)
[107/140] {'alpha': 0.75, 'shrink': 500, 'top_k': 5} -> ndcg@10=0.0011 hr@100=0.1190 (3.0s)
[108/140] {'alpha': 0.75, 'shrink': 500, 'top_k': 10} -> ndcg@10=0.0037 hr@100=0.2659 (3.0s)
[109/140] {'alpha': 0.75, 'shrink': 500, 'top_k': 20} -> ndcg@10=0.0127 hr@100=0.2732 (3.0s)
[110/140] {'alpha': 0.75, 'shrink': 500, 'top_k': 50} -> ndcg@10=0.0255 hr@100=0.2887 (3.2s)
[111/140] {'alpha': 0.75, 'shrink': 500, 'top_k': 100} -> ndcg@10=0.0284 hr@100=0.2803 (3.1s)
[112/140] {'alpha': 0.75, 'shrink': 500, 'top_k': 200} -> ndcg@10=0.0296 hr@100=0.2790 (3.0s)
[113/140] {'alpha': 1.0, 'shrink': 0, 'top_k': 3} -> ndcg@10=0.0000 hr@100=0.0084 (3.1s)
[114/140] {'alpha': 1.0, 'shrink': 0, 'top_k': 5} -> ndcg@10=0.0003 hr@100=0.0583 (3.0s)
[115/140] {'alpha': 1.0, 'shrink': 0, 'top_k': 10} -> ndcg@10=0.0021 hr@100=0.2483 (3.1s)
[116/140] {'alpha': 1.0, 'shrink': 0, 'top_k': 20} -> ndcg@10=0.0085 hr@100=0.2563 (3.0s)
[117/140] {'alpha': 1.0, 'shrink': 0, 'top_k': 50} -> ndcg@10=0.0235 hr@100=0.2742 (3.1s)
[118/140] {'alpha': 1.0, 'shrink': 0, 'top_k': 100} -> ndcg@10=0.0273 hr@100=0.2692 (3.1s)
[119/140] {'alpha': 1.0, 'shrink': 0, 'top_k': 200} -> ndcg@10=0.0287 hr@100=0.2728 (3.1s)
[120/140] {'alpha': 1.0, 'shrink': 10, 'top_k': 3} -> ndcg@10=0.0000 hr@100=0.0084 (3.1s)
[121/140] {'alpha': 1.0, 'shrink': 10, 'top_k': 5} -> ndcg@10=0.0003 hr@100=0.0583 (3.1s)
[122/140] {'alpha': 1.0, 'shrink': 10, 'top_k': 10} -> ndcg@10=0.0021 hr@100=0.2480 (3.1s)
[123/140] {'alpha': 1.0, 'shrink': 10, 'top_k': 20} -> ndcg@10=0.0085 hr@100=0.2576 (3.1s)
[124/140] {'alpha': 1.0, 'shrink': 10, 'top_k': 50} -> ndcg@10=0.0235 hr@100=0.2740 (3.1s)
[125/140] {'alpha': 1.0, 'shrink': 10, 'top_k': 100} -> ndcg@10=0.0273 hr@100=0.2694 (3.1s)
[126/140] {'alpha': 1.0, 'shrink': 10, 'top_k': 200} -> ndcg@10=0.0287 hr@100=0.2728 (3.2s)
[127/140] {'alpha': 1.0, 'shrink': 100, 'top_k': 3} -> ndcg@10=0.0000 hr@100=0.0084 (3.1s)
[128/140] {'alpha': 1.0, 'shrink': 100, 'top_k': 5} -> ndcg@10=0.0003 hr@100=0.0583 (3.1s)
[129/140] {'alpha': 1.0, 'shrink': 100, 'top_k': 10} -> ndcg@10=0.0021 hr@100=0.2488 (3.1s)
[130/140] {'alpha': 1.0, 'shrink': 100, 'top_k': 20} -> ndcg@10=0.0086 hr@100=0.2573 (3.3s)
[131/140] {'alpha': 1.0, 'shrink': 100, 'top_k': 50} -> ndcg@10=0.0237 hr@100=0.2742 (3.2s)
[132/140] {'alpha': 1.0, 'shrink': 100, 'top_k': 100} -> ndcg@10=0.0273 hr@100=0.2692 (3.3s)
[133/140] {'alpha': 1.0, 'shrink': 100, 'top_k': 200} -> ndcg@10=0.0287 hr@100=0.2728 (3.1s)
[134/140] {'alpha': 1.0, 'shrink': 500, 'top_k': 3} -> ndcg@10=0.0000 hr@100=0.0084 (3.1s)
[135/140] {'alpha': 1.0, 'shrink': 500, 'top_k': 5} -> ndcg@10=0.0003 hr@100=0.0583 (3.1s)
[136/140] {'alpha': 1.0, 'shrink': 500, 'top_k': 10} -> ndcg@10=0.0021 hr@100=0.2485 (3.0s)
[137/140] {'alpha': 1.0, 'shrink': 500, 'top_k': 20} -> ndcg@10=0.0085 hr@100=0.2568 (3.1s)
[138/140] {'alpha': 1.0, 'shrink': 500, 'top_k': 50} -> ndcg@10=0.0237 hr@100=0.2745 (3.1s)
[139/140] {'alpha': 1.0, 'shrink': 500, 'top_k': 100} -> ndcg@10=0.0276 hr@100=0.2694 (3.0s)
[140/140] {'alpha': 1.0, 'shrink': 500, 'top_k': 200} -> ndcg@10=0.0287 hr@100=0.2728 (3.3s)

best on valid: {'top_k': 20, 'shrink': 100, 'alpha': 0.25} ndcg@10=0.0413
user_knn       valid hr@10=0.0848 ndcg@10=0.0413 hr@20=0.1503 ndcg@20=0.0578 hr@100=0.3998 ndcg@100=0.1028 mrr=0.0406
user_knn       test  hr@10=0.0790 ndcg@10=0.0382 hr@20=0.1341 ndcg@20=0.0521 hr@100=0.3695 ndcg@100=0.0942 mrr=0.0371

saved -> /home/kohei/WorkSpace/blog/recommend_ml/results/tuning_user_knn_minNone.csv
saved -> /home/kohei/WorkSpace/blog/recommend_ml/results/results.csv
=== item_knn --min-rating 3 ===
model=item_knn combinations=140 select_by=ndcg@10
[1/140] {'alpha': 0.0, 'shrink': 0, 'top_k': 3} -> ndcg@10=0.0001 hr@100=0.0026 (1.0s)
[2/140] {'alpha': 0.0, 'shrink': 0, 'top_k': 5} -> ndcg@10=0.0000 hr@100=0.0012 (1.0s)
[3/140] {'alpha': 0.0, 'shrink': 0, 'top_k': 10} -> ndcg@10=0.0001 hr@100=0.0008 (1.0s)
[4/140] {'alpha': 0.0, 'shrink': 0, 'top_k': 20} -> ndcg@10=0.0000 hr@100=0.0005 (1.0s)
[5/140] {'alpha': 0.0, 'shrink': 0, 'top_k': 50} -> ndcg@10=0.0000 hr@100=0.0010 (1.1s)
[6/140] {'alpha': 0.0, 'shrink': 0, 'top_k': 100} -> ndcg@10=0.0001 hr@100=0.0030 (1.1s)
[7/140] {'alpha': 0.0, 'shrink': 0, 'top_k': 200} -> ndcg@10=0.0001 hr@100=0.0061 (1.0s)
[8/140] {'alpha': 0.0, 'shrink': 10, 'top_k': 3} -> ndcg@10=0.0084 hr@100=0.0908 (1.0s)
[9/140] {'alpha': 0.0, 'shrink': 10, 'top_k': 5} -> ndcg@10=0.0081 hr@100=0.1038 (1.0s)
[10/140] {'alpha': 0.0, 'shrink': 10, 'top_k': 10} -> ndcg@10=0.0096 hr@100=0.1105 (1.0s)
[11/140] {'alpha': 0.0, 'shrink': 10, 'top_k': 20} -> ndcg@10=0.0101 hr@100=0.1123 (1.0s)
[12/140] {'alpha': 0.0, 'shrink': 10, 'top_k': 50} -> ndcg@10=0.0083 hr@100=0.1199 (1.0s)
[13/140] {'alpha': 0.0, 'shrink': 10, 'top_k': 100} -> ndcg@10=0.0088 hr@100=0.1189 (1.1s)
[14/140] {'alpha': 0.0, 'shrink': 10, 'top_k': 200} -> ndcg@10=0.0075 hr@100=0.1134 (1.1s)
[15/140] {'alpha': 0.0, 'shrink': 100, 'top_k': 3} -> ndcg@10=0.0217 hr@100=0.1928 (1.1s)
[16/140] {'alpha': 0.0, 'shrink': 100, 'top_k': 5} -> ndcg@10=0.0228 hr@100=0.2201 (1.0s)
[17/140] {'alpha': 0.0, 'shrink': 100, 'top_k': 10} -> ndcg@10=0.0236 hr@100=0.2340 (1.0s)
[18/140] {'alpha': 0.0, 'shrink': 100, 'top_k': 20} -> ndcg@10=0.0215 hr@100=0.2372 (1.1s)
[19/140] {'alpha': 0.0, 'shrink': 100, 'top_k': 50} -> ndcg@10=0.0217 hr@100=0.2410 (1.1s)
[20/140] {'alpha': 0.0, 'shrink': 100, 'top_k': 100} -> ndcg@10=0.0205 hr@100=0.2358 (1.1s)
[21/140] {'alpha': 0.0, 'shrink': 100, 'top_k': 200} -> ndcg@10=0.0196 hr@100=0.2254 (1.1s)
[22/140] {'alpha': 0.0, 'shrink': 500, 'top_k': 3} -> ndcg@10=0.0303 hr@100=0.2595 (1.1s)
[23/140] {'alpha': 0.0, 'shrink': 500, 'top_k': 5} -> ndcg@10=0.0324 hr@100=0.3011 (1.0s)
[24/140] {'alpha': 0.0, 'shrink': 500, 'top_k': 10} -> ndcg@10=0.0326 hr@100=0.3130 (1.0s)
[25/140] {'alpha': 0.0, 'shrink': 500, 'top_k': 20} -> ndcg@10=0.0311 hr@100=0.3133 (1.0s)
[26/140] {'alpha': 0.0, 'shrink': 500, 'top_k': 50} -> ndcg@10=0.0303 hr@100=0.3044 (1.0s)
[27/140] {'alpha': 0.0, 'shrink': 500, 'top_k': 100} -> ndcg@10=0.0290 hr@100=0.2903 (1.0s)
[28/140] {'alpha': 0.0, 'shrink': 500, 'top_k': 200} -> ndcg@10=0.0260 hr@100=0.2718 (1.1s)
[29/140] {'alpha': 0.25, 'shrink': 0, 'top_k': 3} -> ndcg@10=0.0303 hr@100=0.2249 (1.0s)
[30/140] {'alpha': 0.25, 'shrink': 0, 'top_k': 5} -> ndcg@10=0.0319 hr@100=0.2531 (1.1s)
[31/140] {'alpha': 0.25, 'shrink': 0, 'top_k': 10} -> ndcg@10=0.0331 hr@100=0.2806 (1.0s)
[32/140] {'alpha': 0.25, 'shrink': 0, 'top_k': 20} -> ndcg@10=0.0305 hr@100=0.2907 (1.1s)
[33/140] {'alpha': 0.25, 'shrink': 0, 'top_k': 50} -> ndcg@10=0.0302 hr@100=0.3085 (1.0s)
[34/140] {'alpha': 0.25, 'shrink': 0, 'top_k': 100} -> ndcg@10=0.0310 hr@100=0.3122 (1.0s)
[35/140] {'alpha': 0.25, 'shrink': 0, 'top_k': 200} -> ndcg@10=0.0296 hr@100=0.3044 (1.0s)
[36/140] {'alpha': 0.25, 'shrink': 10, 'top_k': 3} -> ndcg@10=0.0322 hr@100=0.2413 (1.1s)
[37/140] {'alpha': 0.25, 'shrink': 10, 'top_k': 5} -> ndcg@10=0.0354 hr@100=0.2753 (1.0s)
[38/140] {'alpha': 0.25, 'shrink': 10, 'top_k': 10} -> ndcg@10=0.0349 hr@100=0.3034 (1.0s)
[39/140] {'alpha': 0.25, 'shrink': 10, 'top_k': 20} -> ndcg@10=0.0331 hr@100=0.3142 (1.0s)
[40/140] {'alpha': 0.25, 'shrink': 10, 'top_k': 50} -> ndcg@10=0.0322 hr@100=0.3203 (1.1s)
[41/140] {'alpha': 0.25, 'shrink': 10, 'top_k': 100} -> ndcg@10=0.0324 hr@100=0.3225 (1.1s)
[42/140] {'alpha': 0.25, 'shrink': 10, 'top_k': 200} -> ndcg@10=0.0308 hr@100=0.3110 (1.1s)
[43/140] {'alpha': 0.25, 'shrink': 100, 'top_k': 3} -> ndcg@10=0.0336 hr@100=0.2630 (1.0s)
[44/140] {'alpha': 0.25, 'shrink': 100, 'top_k': 5} -> ndcg@10=0.0357 hr@100=0.3009 (1.1s)
[45/140] {'alpha': 0.25, 'shrink': 100, 'top_k': 10} -> ndcg@10=0.0365 hr@100=0.3288 (1.0s)
[46/140] {'alpha': 0.25, 'shrink': 100, 'top_k': 20} -> ndcg@10=0.0347 hr@100=0.3296 (1.0s)
[47/140] {'alpha': 0.25, 'shrink': 100, 'top_k': 50} -> ndcg@10=0.0327 hr@100=0.3297 (1.0s)
[48/140] {'alpha': 0.25, 'shrink': 100, 'top_k': 100} -> ndcg@10=0.0312 hr@100=0.3167 (1.1s)
[49/140] {'alpha': 0.25, 'shrink': 100, 'top_k': 200} -> ndcg@10=0.0296 hr@100=0.3008 (1.1s)
[50/140] {'alpha': 0.25, 'shrink': 500, 'top_k': 3} -> ndcg@10=0.0319 hr@100=0.2623 (1.0s)
[51/140] {'alpha': 0.25, 'shrink': 500, 'top_k': 5} -> ndcg@10=0.0343 hr@100=0.3039 (1.0s)
[52/140] {'alpha': 0.25, 'shrink': 500, 'top_k': 10} -> ndcg@10=0.0344 hr@100=0.3342 (1.0s)
[53/140] {'alpha': 0.25, 'shrink': 500, 'top_k': 20} -> ndcg@10=0.0306 hr@100=0.3276 (1.0s)
[54/140] {'alpha': 0.25, 'shrink': 500, 'top_k': 50} -> ndcg@10=0.0304 hr@100=0.3140 (1.1s)
[55/140] {'alpha': 0.25, 'shrink': 500, 'top_k': 100} -> ndcg@10=0.0282 hr@100=0.2923 (1.0s)
[56/140] {'alpha': 0.25, 'shrink': 500, 'top_k': 200} -> ndcg@10=0.0289 hr@100=0.2701 (1.1s)
[57/140] {'alpha': 0.5, 'shrink': 0, 'top_k': 3} -> ndcg@10=0.0348 hr@100=0.2680 (1.0s)
[58/140] {'alpha': 0.5, 'shrink': 0, 'top_k': 5} -> ndcg@10=0.0364 hr@100=0.3162 (1.0s)
[59/140] {'alpha': 0.5, 'shrink': 0, 'top_k': 10} -> ndcg@10=0.0358 hr@100=0.3521 (1.0s)
[60/140] {'alpha': 0.5, 'shrink': 0, 'top_k': 20} -> ndcg@10=0.0330 hr@100=0.3500 (1.1s)
[61/140] {'alpha': 0.5, 'shrink': 0, 'top_k': 50} -> ndcg@10=0.0311 hr@100=0.3382 (1.0s)
[62/140] {'alpha': 0.5, 'shrink': 0, 'top_k': 100} -> ndcg@10=0.0297 hr@100=0.3162 (1.0s)
[63/140] {'alpha': 0.5, 'shrink': 0, 'top_k': 200} -> ndcg@10=0.0295 hr@100=0.2912 (1.0s)
[64/140] {'alpha': 0.5, 'shrink': 10, 'top_k': 3} -> ndcg@10=0.0351 hr@100=0.2685 (1.0s)
[65/140] {'alpha': 0.5, 'shrink': 10, 'top_k': 5} -> ndcg@10=0.0355 hr@100=0.3145 (1.0s)
[66/140] {'alpha': 0.5, 'shrink': 10, 'top_k': 10} -> ndcg@10=0.0354 hr@100=0.3513 (1.0s)
[67/140] {'alpha': 0.5, 'shrink': 10, 'top_k': 20} -> ndcg@10=0.0327 hr@100=0.3491 (1.0s)
[68/140] {'alpha': 0.5, 'shrink': 10, 'top_k': 50} -> ndcg@10=0.0306 hr@100=0.3370 (1.1s)
[69/140] {'alpha': 0.5, 'shrink': 10, 'top_k': 100} -> ndcg@10=0.0297 hr@100=0.3140 (1.0s)
[70/140] {'alpha': 0.5, 'shrink': 10, 'top_k': 200} -> ndcg@10=0.0297 hr@100=0.2912 (1.1s)
[71/140] {'alpha': 0.5, 'shrink': 100, 'top_k': 3} -> ndcg@10=0.0336 hr@100=0.2547 (1.0s)
[72/140] {'alpha': 0.5, 'shrink': 100, 'top_k': 5} -> ndcg@10=0.0354 hr@100=0.3067 (1.1s)
[73/140] {'alpha': 0.5, 'shrink': 100, 'top_k': 10} -> ndcg@10=0.0335 hr@100=0.3410 (1.0s)
[74/140] {'alpha': 0.5, 'shrink': 100, 'top_k': 20} -> ndcg@10=0.0309 hr@100=0.3395 (1.1s)
[75/140] {'alpha': 0.5, 'shrink': 100, 'top_k': 50} -> ndcg@10=0.0285 hr@100=0.3220 (1.0s)
[76/140] {'alpha': 0.5, 'shrink': 100, 'top_k': 100} -> ndcg@10=0.0277 hr@100=0.3023 (1.1s)
[77/140] {'alpha': 0.5, 'shrink': 100, 'top_k': 200} -> ndcg@10=0.0273 hr@100=0.2758 (1.1s)
[78/140] {'alpha': 0.5, 'shrink': 500, 'top_k': 3} -> ndcg@10=0.0312 hr@100=0.2004 (1.1s)
[79/140] {'alpha': 0.5, 'shrink': 500, 'top_k': 5} -> ndcg@10=0.0309 hr@100=0.2511 (1.0s)
[80/140] {'alpha': 0.5, 'shrink': 500, 'top_k': 10} -> ndcg@10=0.0301 hr@100=0.3013 (1.1s)
[81/140] {'alpha': 0.5, 'shrink': 500, 'top_k': 20} -> ndcg@10=0.0278 hr@100=0.3211 (1.0s)
[82/140] {'alpha': 0.5, 'shrink': 500, 'top_k': 50} -> ndcg@10=0.0251 hr@100=0.3044 (1.0s)
[83/140] {'alpha': 0.5, 'shrink': 500, 'top_k': 100} -> ndcg@10=0.0252 hr@100=0.2817 (1.0s)
[84/140] {'alpha': 0.5, 'shrink': 500, 'top_k': 200} -> ndcg@10=0.0279 hr@100=0.2577 (1.0s)
[85/140] {'alpha': 0.75, 'shrink': 0, 'top_k': 3} -> ndcg@10=0.0309 hr@100=0.1782 (1.0s)
[86/140] {'alpha': 0.75, 'shrink': 0, 'top_k': 5} -> ndcg@10=0.0297 hr@100=0.2300 (1.1s)
[87/140] {'alpha': 0.75, 'shrink': 0, 'top_k': 10} -> ndcg@10=0.0289 hr@100=0.2893 (1.0s)
[88/140] {'alpha': 0.75, 'shrink': 0, 'top_k': 20} -> ndcg@10=0.0270 hr@100=0.3216 (1.1s)
[89/140] {'alpha': 0.75, 'shrink': 0, 'top_k': 50} -> ndcg@10=0.0244 hr@100=0.3143 (1.0s)
[90/140] {'alpha': 0.75, 'shrink': 0, 'top_k': 100} -> ndcg@10=0.0258 hr@100=0.2860 (1.1s)
[91/140] {'alpha': 0.75, 'shrink': 0, 'top_k': 200} -> ndcg@10=0.0263 hr@100=0.2655 (1.0s)/home/kohei/WorkSpace/blog/recommend_ml/src/recommend_ml/tune.py:111: FutureWarning: The behavior of DataFrame concatenation with empty or all-NA entries is deprecated. In a future version, this will no longer exclude empty or all-NA columns when determining the result dtypes. To retain the old behavior, exclude the relevant entries before the concat operation.
  pd.concat([previous, frame_final])

[92/140] {'alpha': 0.75, 'shrink': 10, 'top_k': 3} -> ndcg@10=0.0308 hr@100=0.1746 (1.0s)
[93/140] {'alpha': 0.75, 'shrink': 10, 'top_k': 5} -> ndcg@10=0.0298 hr@100=0.2239 (1.0s)
[94/140] {'alpha': 0.75, 'shrink': 10, 'top_k': 10} -> ndcg@10=0.0288 hr@100=0.2872 (1.0s)
[95/140] {'alpha': 0.75, 'shrink': 10, 'top_k': 20} -> ndcg@10=0.0270 hr@100=0.3203 (1.0s)
[96/140] {'alpha': 0.75, 'shrink': 10, 'top_k': 50} -> ndcg@10=0.0243 hr@100=0.3127 (1.0s)
[97/140] {'alpha': 0.75, 'shrink': 10, 'top_k': 100} -> ndcg@10=0.0257 hr@100=0.2847 (1.0s)
[98/140] {'alpha': 0.75, 'shrink': 10, 'top_k': 200} -> ndcg@10=0.0263 hr@100=0.2653 (1.0s)
[99/140] {'alpha': 0.75, 'shrink': 100, 'top_k': 3} -> ndcg@10=0.0292 hr@100=0.1454 (1.0s)
[100/140] {'alpha': 0.75, 'shrink': 100, 'top_k': 5} -> ndcg@10=0.0288 hr@100=0.1956 (1.1s)
[101/140] {'alpha': 0.75, 'shrink': 100, 'top_k': 10} -> ndcg@10=0.0280 hr@100=0.2638 (1.0s)
[102/140] {'alpha': 0.75, 'shrink': 100, 'top_k': 20} -> ndcg@10=0.0259 hr@100=0.3080 (1.1s)
[103/140] {'alpha': 0.75, 'shrink': 100, 'top_k': 50} -> ndcg@10=0.0238 hr@100=0.3061 (1.0s)
[104/140] {'alpha': 0.75, 'shrink': 100, 'top_k': 100} -> ndcg@10=0.0252 hr@100=0.2807 (1.1s)
[105/140] {'alpha': 0.75, 'shrink': 100, 'top_k': 200} -> ndcg@10=0.0262 hr@100=0.2595 (1.0s)
[106/140] {'alpha': 0.75, 'shrink': 500, 'top_k': 3} -> ndcg@10=0.0290 hr@100=0.1120 (1.1s)
[107/140] {'alpha': 0.75, 'shrink': 500, 'top_k': 5} -> ndcg@10=0.0276 hr@100=0.1481 (1.0s)
[108/140] {'alpha': 0.75, 'shrink': 500, 'top_k': 10} -> ndcg@10=0.0271 hr@100=0.2110 (1.1s)
[109/140] {'alpha': 0.75, 'shrink': 500, 'top_k': 20} -> ndcg@10=0.0249 hr@100=0.2859 (1.0s)
[110/140] {'alpha': 0.75, 'shrink': 500, 'top_k': 50} -> ndcg@10=0.0237 hr@100=0.2976 (1.1s)
[111/140] {'alpha': 0.75, 'shrink': 500, 'top_k': 100} -> ndcg@10=0.0255 hr@100=0.2695 (1.0s)
[112/140] {'alpha': 0.75, 'shrink': 500, 'top_k': 200} -> ndcg@10=0.0259 hr@100=0.2514 (1.1s)
[113/140] {'alpha': 1.0, 'shrink': 0, 'top_k': 3} -> ndcg@10=0.0264 hr@100=0.0744 (1.0s)
[114/140] {'alpha': 1.0, 'shrink': 0, 'top_k': 5} -> ndcg@10=0.0267 hr@100=0.1025 (1.0s)
[115/140] {'alpha': 1.0, 'shrink': 0, 'top_k': 10} -> ndcg@10=0.0257 hr@100=0.1434 (1.0s)
[116/140] {'alpha': 1.0, 'shrink': 0, 'top_k': 20} -> ndcg@10=0.0241 hr@100=0.2228 (1.0s)
[117/140] {'alpha': 1.0, 'shrink': 0, 'top_k': 50} -> ndcg@10=0.0243 hr@100=0.2925 (1.0s)
[118/140] {'alpha': 1.0, 'shrink': 0, 'top_k': 100} -> ndcg@10=0.0252 hr@100=0.2703 (1.0s)
[119/140] {'alpha': 1.0, 'shrink': 0, 'top_k': 200} -> ndcg@10=0.0251 hr@100=0.2542 (1.0s)
[120/140] {'alpha': 1.0, 'shrink': 10, 'top_k': 3} -> ndcg@10=0.0265 hr@100=0.0744 (1.0s)
[121/140] {'alpha': 1.0, 'shrink': 10, 'top_k': 5} -> ndcg@10=0.0268 hr@100=0.1025 (1.0s)
[122/140] {'alpha': 1.0, 'shrink': 10, 'top_k': 10} -> ndcg@10=0.0254 hr@100=0.1434 (1.1s)
[123/140] {'alpha': 1.0, 'shrink': 10, 'top_k': 20} -> ndcg@10=0.0240 hr@100=0.2229 (1.0s)
[124/140] {'alpha': 1.0, 'shrink': 10, 'top_k': 50} -> ndcg@10=0.0243 hr@100=0.2925 (1.1s)
[125/140] {'alpha': 1.0, 'shrink': 10, 'top_k': 100} -> ndcg@10=0.0250 hr@100=0.2700 (1.0s)
[126/140] {'alpha': 1.0, 'shrink': 10, 'top_k': 200} -> ndcg@10=0.0250 hr@100=0.2532 (1.1s)
[127/140] {'alpha': 1.0, 'shrink': 100, 'top_k': 3} -> ndcg@10=0.0268 hr@100=0.0744 (1.0s)
[128/140] {'alpha': 1.0, 'shrink': 100, 'top_k': 5} -> ndcg@10=0.0269 hr@100=0.1025 (1.0s)
[129/140] {'alpha': 1.0, 'shrink': 100, 'top_k': 10} -> ndcg@10=0.0255 hr@100=0.1434 (1.0s)
[130/140] {'alpha': 1.0, 'shrink': 100, 'top_k': 20} -> ndcg@10=0.0240 hr@100=0.2229 (1.1s)
[131/140] {'alpha': 1.0, 'shrink': 100, 'top_k': 50} -> ndcg@10=0.0239 hr@100=0.2908 (1.0s)
[132/140] {'alpha': 1.0, 'shrink': 100, 'top_k': 100} -> ndcg@10=0.0251 hr@100=0.2685 (1.1s)
[133/140] {'alpha': 1.0, 'shrink': 100, 'top_k': 200} -> ndcg@10=0.0249 hr@100=0.2509 (1.0s)
[134/140] {'alpha': 1.0, 'shrink': 500, 'top_k': 3} -> ndcg@10=0.0268 hr@100=0.0744 (1.1s)
[135/140] {'alpha': 1.0, 'shrink': 500, 'top_k': 5} -> ndcg@10=0.0265 hr@100=0.1025 (1.0s)
[136/140] {'alpha': 1.0, 'shrink': 500, 'top_k': 10} -> ndcg@10=0.0251 hr@100=0.1434 (1.1s)
[137/140] {'alpha': 1.0, 'shrink': 500, 'top_k': 20} -> ndcg@10=0.0238 hr@100=0.2229 (1.1s)
[138/140] {'alpha': 1.0, 'shrink': 500, 'top_k': 50} -> ndcg@10=0.0238 hr@100=0.2864 (1.1s)
[139/140] {'alpha': 1.0, 'shrink': 500, 'top_k': 100} -> ndcg@10=0.0246 hr@100=0.2653 (1.0s)
[140/140] {'alpha': 1.0, 'shrink': 500, 'top_k': 200} -> ndcg@10=0.0244 hr@100=0.2479 (1.1s)

best on valid: {'top_k': 10, 'shrink': 100, 'alpha': 0.25} ndcg@10=0.0365
item_knn       valid hr@10=0.0706 ndcg@10=0.0365 hr@20=0.1156 ndcg@20=0.0478 hr@100=0.3288 ndcg@100=0.0857 mrr=0.0354
item_knn       test  hr@10=0.0629 ndcg@10=0.0307 hr@20=0.1037 ndcg@20=0.0409 hr@100=0.3049 ndcg@100=0.0767 mrr=0.0297

saved -> /home/kohei/WorkSpace/blog/recommend_ml/results/tuning_item_knn_min3.csv
saved -> /home/kohei/WorkSpace/blog/recommend_ml/results/results.csv
=== user_knn --min-rating 3 ===
model=user_knn combinations=140 select_by=ndcg@10
[1/140] {'alpha': 0.0, 'shrink': 0, 'top_k': 3} -> ndcg@10=0.0182 hr@100=0.0939 (2.9s)
[2/140] {'alpha': 0.0, 'shrink': 0, 'top_k': 5} -> ndcg@10=0.0245 hr@100=0.1499 (2.8s)
[3/140] {'alpha': 0.0, 'shrink': 0, 'top_k': 10} -> ndcg@10=0.0287 hr@100=0.2367 (3.0s)
[4/140] {'alpha': 0.0, 'shrink': 0, 'top_k': 20} -> ndcg@10=0.0327 hr@100=0.2893 (3.1s)
[5/140] {'alpha': 0.0, 'shrink': 0, 'top_k': 50} -> ndcg@10=0.0355 hr@100=0.3569 (2.8s)
[6/140] {'alpha': 0.0, 'shrink': 0, 'top_k': 100} -> ndcg@10=0.0352 hr@100=0.3786 (2.8s)
[7/140] {'alpha': 0.0, 'shrink': 0, 'top_k': 200} -> ndcg@10=0.0345 hr@100=0.3799 (2.9s)
[8/140] {'alpha': 0.0, 'shrink': 10, 'top_k': 3} -> ndcg@10=0.0227 hr@100=0.1597 (2.8s)
[9/140] {'alpha': 0.0, 'shrink': 10, 'top_k': 5} -> ndcg@10=0.0294 hr@100=0.2282 (2.9s)
[10/140] {'alpha': 0.0, 'shrink': 10, 'top_k': 10} -> ndcg@10=0.0352 hr@100=0.2966 (2.8s)
[11/140] {'alpha': 0.0, 'shrink': 10, 'top_k': 20} -> ndcg@10=0.0361 hr@100=0.3357 (2.8s)
[12/140] {'alpha': 0.0, 'shrink': 10, 'top_k': 50} -> ndcg@10=0.0368 hr@100=0.3839 (2.9s)
[13/140] {'alpha': 0.0, 'shrink': 10, 'top_k': 100} -> ndcg@10=0.0370 hr@100=0.3902 (2.8s)
[14/140] {'alpha': 0.0, 'shrink': 10, 'top_k': 200} -> ndcg@10=0.0363 hr@100=0.3877 (2.9s)
[15/140] {'alpha': 0.0, 'shrink': 100, 'top_k': 3} -> ndcg@10=0.0285 hr@100=0.3052 (2.8s)
[16/140] {'alpha': 0.0, 'shrink': 100, 'top_k': 5} -> ndcg@10=0.0350 hr@100=0.3312 (2.9s)
[17/140] {'alpha': 0.0, 'shrink': 100, 'top_k': 10} -> ndcg@10=0.0382 hr@100=0.3771 (2.8s)
[18/140] {'alpha': 0.0, 'shrink': 100, 'top_k': 20} -> ndcg@10=0.0398 hr@100=0.3958 (2.8s)
[19/140] {'alpha': 0.0, 'shrink': 100, 'top_k': 50} -> ndcg@10=0.0402 hr@100=0.4034 (3.0s)
[20/140] {'alpha': 0.0, 'shrink': 100, 'top_k': 100} -> ndcg@10=0.0400 hr@100=0.3996 (2.9s)
[21/140] {'alpha': 0.0, 'shrink': 100, 'top_k': 200} -> ndcg@10=0.0391 hr@100=0.3829 (2.9s)
[22/140] {'alpha': 0.0, 'shrink': 500, 'top_k': 3} -> ndcg@10=0.0151 hr@100=0.3129 (2.8s)
[23/140] {'alpha': 0.0, 'shrink': 500, 'top_k': 5} -> ndcg@10=0.0273 hr@100=0.3453 (2.8s)
[24/140] {'alpha': 0.0, 'shrink': 500, 'top_k': 10} -> ndcg@10=0.0373 hr@100=0.3760 (2.8s)
[25/140] {'alpha': 0.0, 'shrink': 500, 'top_k': 20} -> ndcg@10=0.0416 hr@100=0.3839 (2.8s)
[26/140] {'alpha': 0.0, 'shrink': 500, 'top_k': 50} -> ndcg@10=0.0414 hr@100=0.3808 (2.9s)
[27/140] {'alpha': 0.0, 'shrink': 500, 'top_k': 100} -> ndcg@10=0.0397 hr@100=0.3688 (2.8s)
[28/140] {'alpha': 0.0, 'shrink': 500, 'top_k': 200} -> ndcg@10=0.0374 hr@100=0.3476 (2.9s)
[29/140] {'alpha': 0.25, 'shrink': 0, 'top_k': 3} -> ndcg@10=0.0227 hr@100=0.1823 (2.8s)
[30/140] {'alpha': 0.25, 'shrink': 0, 'top_k': 5} -> ndcg@10=0.0299 hr@100=0.2461 (2.8s)
[31/140] {'alpha': 0.25, 'shrink': 0, 'top_k': 10} -> ndcg@10=0.0354 hr@100=0.3102 (2.8s)
[32/140] {'alpha': 0.25, 'shrink': 0, 'top_k': 20} -> ndcg@10=0.0371 hr@100=0.3556 (2.9s)
[33/140] {'alpha': 0.25, 'shrink': 0, 'top_k': 50} -> ndcg@10=0.0377 hr@100=0.3917 (2.7s)
[34/140] {'alpha': 0.25, 'shrink': 0, 'top_k': 100} -> ndcg@10=0.0378 hr@100=0.3940 (2.8s)
[35/140] {'alpha': 0.25, 'shrink': 0, 'top_k': 200} -> ndcg@10=0.0369 hr@100=0.3889 (2.9s)
[36/140] {'alpha': 0.25, 'shrink': 10, 'top_k': 3} -> ndcg@10=0.0261 hr@100=0.2390 (2.8s)
[37/140] {'alpha': 0.25, 'shrink': 10, 'top_k': 5} -> ndcg@10=0.0338 hr@100=0.2935 (2.8s)
[38/140] {'alpha': 0.25, 'shrink': 10, 'top_k': 10} -> ndcg@10=0.0366 hr@100=0.3405 (2.7s)
[39/140] {'alpha': 0.25, 'shrink': 10, 'top_k': 20} -> ndcg@10=0.0383 hr@100=0.3781 (2.9s)
[40/140] {'alpha': 0.25, 'shrink': 10, 'top_k': 50} -> ndcg@10=0.0398 hr@100=0.3970 (3.1s)
[41/140] {'alpha': 0.25, 'shrink': 10, 'top_k': 100} -> ndcg@10=0.0385 hr@100=0.4031 (2.8s)
[42/140] {'alpha': 0.25, 'shrink': 10, 'top_k': 200} -> ndcg@10=0.0378 hr@100=0.3909 (2.9s)
[43/140] {'alpha': 0.25, 'shrink': 100, 'top_k': 3} -> ndcg@10=0.0250 hr@100=0.3198 (2.8s)
[44/140] {'alpha': 0.25, 'shrink': 100, 'top_k': 5} -> ndcg@10=0.0344 hr@100=0.3536 (3.2s)
[45/140] {'alpha': 0.25, 'shrink': 100, 'top_k': 10} -> ndcg@10=0.0395 hr@100=0.3774 (3.4s)
[46/140] {'alpha': 0.25, 'shrink': 100, 'top_k': 20} -> ndcg@10=0.0408 hr@100=0.3960 (2.7s)
[47/140] {'alpha': 0.25, 'shrink': 100, 'top_k': 50} -> ndcg@10=0.0418 hr@100=0.4013 (2.8s)
[48/140] {'alpha': 0.25, 'shrink': 100, 'top_k': 100} -> ndcg@10=0.0401 hr@100=0.3887 (2.8s)
[49/140] {'alpha': 0.25, 'shrink': 100, 'top_k': 200} -> ndcg@10=0.0389 hr@100=0.3708 (2.8s)
[50/140] {'alpha': 0.25, 'shrink': 500, 'top_k': 3} -> ndcg@10=0.0064 hr@100=0.3008 (2.7s)
[51/140] {'alpha': 0.25, 'shrink': 500, 'top_k': 5} -> ndcg@10=0.0155 hr@100=0.3177 (2.8s)
[52/140] {'alpha': 0.25, 'shrink': 500, 'top_k': 10} -> ndcg@10=0.0293 hr@100=0.3453 (2.8s)
[53/140] {'alpha': 0.25, 'shrink': 500, 'top_k': 20} -> ndcg@10=0.0348 hr@100=0.3523 (2.8s)
[54/140] {'alpha': 0.25, 'shrink': 500, 'top_k': 50} -> ndcg@10=0.0386 hr@100=0.3463 (2.9s)
[55/140] {'alpha': 0.25, 'shrink': 500, 'top_k': 100} -> ndcg@10=0.0372 hr@100=0.3349 (3.2s)
[56/140] {'alpha': 0.25, 'shrink': 500, 'top_k': 200} -> ndcg@10=0.0349 hr@100=0.3225 (2.9s)
[57/140] {'alpha': 0.5, 'shrink': 0, 'top_k': 3} -> ndcg@10=0.0241 hr@100=0.2809 (2.8s)
[58/140] {'alpha': 0.5, 'shrink': 0, 'top_k': 5} -> ndcg@10=0.0327 hr@100=0.3261 (2.9s)
[59/140] {'alpha': 0.5, 'shrink': 0, 'top_k': 10} -> ndcg@10=0.0380 hr@100=0.3610 (3.1s)
[60/140] {'alpha': 0.5, 'shrink': 0, 'top_k': 20} -> ndcg@10=0.0391 hr@100=0.3899 (2.9s)
[61/140] {'alpha': 0.5, 'shrink': 0, 'top_k': 50} -> ndcg@10=0.0412 hr@100=0.4053 (3.0s)
[62/140] {'alpha': 0.5, 'shrink': 0, 'top_k': 100} -> ndcg@10=0.0413 hr@100=0.4028 (2.7s)
[63/140] {'alpha': 0.5, 'shrink': 0, 'top_k': 200} -> ndcg@10=0.0389 hr@100=0.3884 (2.9s)
[64/140] {'alpha': 0.5, 'shrink': 10, 'top_k': 3} -> ndcg@10=0.0253 hr@100=0.3039 (2.9s)
[65/140] {'alpha': 0.5, 'shrink': 10, 'top_k': 5} -> ndcg@10=0.0338 hr@100=0.3377 (2.8s)
[66/140] {'alpha': 0.5, 'shrink': 10, 'top_k': 10} -> ndcg@10=0.0388 hr@100=0.3755 (3.0s)
[67/140] {'alpha': 0.5, 'shrink': 10, 'top_k': 20} -> ndcg@10=0.0398 hr@100=0.3912 (2.8s)
[68/140] {'alpha': 0.5, 'shrink': 10, 'top_k': 50} -> ndcg@10=0.0402 hr@100=0.4038 (2.8s)
[69/140] {'alpha': 0.5, 'shrink': 10, 'top_k': 100} -> ndcg@10=0.0409 hr@100=0.3927 (2.9s)
[70/140] {'alpha': 0.5, 'shrink': 10, 'top_k': 200} -> ndcg@10=0.0391 hr@100=0.3798 (2.9s)
[71/140] {'alpha': 0.5, 'shrink': 100, 'top_k': 3} -> ndcg@10=0.0120 hr@100=0.3042 (2.8s)
[72/140] {'alpha': 0.5, 'shrink': 100, 'top_k': 5} -> ndcg@10=0.0211 hr@100=0.3372 (2.9s)
[73/140] {'alpha': 0.5, 'shrink': 100, 'top_k': 10} -> ndcg@10=0.0336 hr@100=0.3620 (3.1s)
[74/140] {'alpha': 0.5, 'shrink': 100, 'top_k': 20} -> ndcg@10=0.0375 hr@100=0.3687 (2.9s)
[75/140] {'alpha': 0.5, 'shrink': 100, 'top_k': 50} -> ndcg@10=0.0409 hr@100=0.3576 (2.9s)
[76/140] {'alpha': 0.5, 'shrink': 100, 'top_k': 100} -> ndcg@10=0.0393 hr@100=0.3523 (3.0s)
[77/140] {'alpha': 0.5, 'shrink': 100, 'top_k': 200} -> ndcg@10=0.0366 hr@100=0.3332 (2.8s)
[78/140] {'alpha': 0.5, 'shrink': 500, 'top_k': 3} -> ndcg@10=0.0009 hr@100=0.1774 (2.9s)
[79/140] {'alpha': 0.5, 'shrink': 500, 'top_k': 5} -> ndcg@10=0.0032 hr@100=0.2804 (2.9s)
[80/140] {'alpha': 0.5, 'shrink': 500, 'top_k': 10} -> ndcg@10=0.0114 hr@100=0.2973 (2.9s)
[81/140] {'alpha': 0.5, 'shrink': 500, 'top_k': 20} -> ndcg@10=0.0262 hr@100=0.3125 (2.8s)
[82/140] {'alpha': 0.5, 'shrink': 500, 'top_k': 50} -> ndcg@10=0.0331 hr@100=0.3129 (3.0s)
[83/140] {'alpha': 0.5, 'shrink': 500, 'top_k': 100} -> ndcg@10=0.0336 hr@100=0.3074 (2.9s)
[84/140] {'alpha': 0.5, 'shrink': 500, 'top_k': 200} -> ndcg@10=0.0316 hr@100=0.2993 (3.0s)
[85/140] {'alpha': 0.75, 'shrink': 0, 'top_k': 3} -> ndcg@10=0.0144 hr@100=0.2801 (2.8s)
[86/140] {'alpha': 0.75, 'shrink': 0, 'top_k': 5} -> ndcg@10=0.0219 hr@100=0.3369 (2.8s)
[87/140] {'alpha': 0.75, 'shrink': 0, 'top_k': 10} -> ndcg@10=0.0314 hr@100=0.3639 (2.9s)
[88/140] {'alpha': 0.75, 'shrink': 0, 'top_k': 20} -> ndcg@10=0.0373 hr@100=0.3700 (2.9s)
[89/140] {'alpha': 0.75, 'shrink': 0, 'top_k': 50} -> ndcg@10=0.0406 hr@100=0.3655 (2.8s)
[90/140] {'alpha': 0.75, 'shrink': 0, 'top_k': 100} -> ndcg@10=0.0386 hr@100=0.3493 (2.8s)
[91/140] {'alpha': 0.75, 'shrink': 0, 'top_k': 200} -> ndcg@10=0.0373 hr@100=0.3364 (2.8s)/home/kohei/WorkSpace/blog/recommend_ml/src/recommend_ml/tune.py:111: FutureWarning: The behavior of DataFrame concatenation with empty or all-NA entries is deprecated. In a future version, this will no longer exclude empty or all-NA columns when determining the result dtypes. To retain the old behavior, exclude the relevant entries before the concat operation.
  pd.concat([previous, frame_final])

[92/140] {'alpha': 0.75, 'shrink': 10, 'top_k': 3} -> ndcg@10=0.0107 hr@100=0.2658 (3.0s)
[93/140] {'alpha': 0.75, 'shrink': 10, 'top_k': 5} -> ndcg@10=0.0171 hr@100=0.3264 (2.9s)
[94/140] {'alpha': 0.75, 'shrink': 10, 'top_k': 10} -> ndcg@10=0.0277 hr@100=0.3480 (2.9s)
[95/140] {'alpha': 0.75, 'shrink': 10, 'top_k': 20} -> ndcg@10=0.0348 hr@100=0.3564 (2.9s)
[96/140] {'alpha': 0.75, 'shrink': 10, 'top_k': 50} -> ndcg@10=0.0395 hr@100=0.3503 (2.9s)
[97/140] {'alpha': 0.75, 'shrink': 10, 'top_k': 100} -> ndcg@10=0.0380 hr@100=0.3367 (3.0s)
[98/140] {'alpha': 0.75, 'shrink': 10, 'top_k': 200} -> ndcg@10=0.0360 hr@100=0.3259 (2.8s)
[99/140] {'alpha': 0.75, 'shrink': 100, 'top_k': 3} -> ndcg@10=0.0011 hr@100=0.1481 (2.8s)
[100/140] {'alpha': 0.75, 'shrink': 100, 'top_k': 5} -> ndcg@10=0.0032 hr@100=0.2754 (2.9s)
[101/140] {'alpha': 0.75, 'shrink': 100, 'top_k': 10} -> ndcg@10=0.0107 hr@100=0.2933 (2.8s)
[102/140] {'alpha': 0.75, 'shrink': 100, 'top_k': 20} -> ndcg@10=0.0256 hr@100=0.3112 (3.1s)
[103/140] {'alpha': 0.75, 'shrink': 100, 'top_k': 50} -> ndcg@10=0.0332 hr@100=0.3133 (3.0s)
[104/140] {'alpha': 0.75, 'shrink': 100, 'top_k': 100} -> ndcg@10=0.0338 hr@100=0.3061 (2.9s)
[105/140] {'alpha': 0.75, 'shrink': 100, 'top_k': 200} -> ndcg@10=0.0322 hr@100=0.3009 (2.8s)
[106/140] {'alpha': 0.75, 'shrink': 500, 'top_k': 3} -> ndcg@10=0.0001 hr@100=0.0510 (2.8s)
[107/140] {'alpha': 0.75, 'shrink': 500, 'top_k': 5} -> ndcg@10=0.0008 hr@100=0.2067 (2.8s)
[108/140] {'alpha': 0.75, 'shrink': 500, 'top_k': 10} -> ndcg@10=0.0041 hr@100=0.2642 (3.0s)
[109/140] {'alpha': 0.75, 'shrink': 500, 'top_k': 20} -> ndcg@10=0.0200 hr@100=0.2837 (2.8s)
[110/140] {'alpha': 0.75, 'shrink': 500, 'top_k': 50} -> ndcg@10=0.0283 hr@100=0.2935 (2.9s)
[111/140] {'alpha': 0.75, 'shrink': 500, 'top_k': 100} -> ndcg@10=0.0308 hr@100=0.2928 (2.8s)
[112/140] {'alpha': 0.75, 'shrink': 500, 'top_k': 200} -> ndcg@10=0.0300 hr@100=0.2870 (2.9s)
[113/140] {'alpha': 1.0, 'shrink': 0, 'top_k': 3} -> ndcg@10=0.0000 hr@100=0.0204 (2.8s)
[114/140] {'alpha': 1.0, 'shrink': 0, 'top_k': 5} -> ndcg@10=0.0003 hr@100=0.1500 (3.0s)
[115/140] {'alpha': 1.0, 'shrink': 0, 'top_k': 10} -> ndcg@10=0.0017 hr@100=0.2464 (3.1s)
[116/140] {'alpha': 1.0, 'shrink': 0, 'top_k': 20} -> ndcg@10=0.0151 hr@100=0.2690 (2.8s)
[117/140] {'alpha': 1.0, 'shrink': 0, 'top_k': 50} -> ndcg@10=0.0262 hr@100=0.2820 (2.8s)
[118/140] {'alpha': 1.0, 'shrink': 0, 'top_k': 100} -> ndcg@10=0.0287 hr@100=0.2840 (2.8s)
[119/140] {'alpha': 1.0, 'shrink': 0, 'top_k': 200} -> ndcg@10=0.0283 hr@100=0.2816 (3.0s)
[120/140] {'alpha': 1.0, 'shrink': 10, 'top_k': 3} -> ndcg@10=0.0000 hr@100=0.0204 (2.9s)
[121/140] {'alpha': 1.0, 'shrink': 10, 'top_k': 5} -> ndcg@10=0.0003 hr@100=0.1502 (2.8s)
[122/140] {'alpha': 1.0, 'shrink': 10, 'top_k': 10} -> ndcg@10=0.0017 hr@100=0.2458 (2.8s)
[123/140] {'alpha': 1.0, 'shrink': 10, 'top_k': 20} -> ndcg@10=0.0152 hr@100=0.2691 (2.9s)
[124/140] {'alpha': 1.0, 'shrink': 10, 'top_k': 50} -> ndcg@10=0.0262 hr@100=0.2820 (3.1s)
[125/140] {'alpha': 1.0, 'shrink': 10, 'top_k': 100} -> ndcg@10=0.0287 hr@100=0.2842 (3.1s)
[126/140] {'alpha': 1.0, 'shrink': 10, 'top_k': 200} -> ndcg@10=0.0283 hr@100=0.2814 (2.8s)
[127/140] {'alpha': 1.0, 'shrink': 100, 'top_k': 3} -> ndcg@10=0.0000 hr@100=0.0204 (2.9s)
[128/140] {'alpha': 1.0, 'shrink': 100, 'top_k': 5} -> ndcg@10=0.0003 hr@100=0.1502 (2.9s)
[129/140] {'alpha': 1.0, 'shrink': 100, 'top_k': 10} -> ndcg@10=0.0017 hr@100=0.2459 (3.1s)
[130/140] {'alpha': 1.0, 'shrink': 100, 'top_k': 20} -> ndcg@10=0.0151 hr@100=0.2698 (3.1s)
[131/140] {'alpha': 1.0, 'shrink': 100, 'top_k': 50} -> ndcg@10=0.0262 hr@100=0.2822 (3.0s)
[132/140] {'alpha': 1.0, 'shrink': 100, 'top_k': 100} -> ndcg@10=0.0288 hr@100=0.2840 (3.4s)
[133/140] {'alpha': 1.0, 'shrink': 100, 'top_k': 200} -> ndcg@10=0.0283 hr@100=0.2814 (3.3s)
[134/140] {'alpha': 1.0, 'shrink': 500, 'top_k': 3} -> ndcg@10=0.0000 hr@100=0.0204 (3.0s)
[135/140] {'alpha': 1.0, 'shrink': 500, 'top_k': 5} -> ndcg@10=0.0003 hr@100=0.1500 (3.0s)
[136/140] {'alpha': 1.0, 'shrink': 500, 'top_k': 10} -> ndcg@10=0.0017 hr@100=0.2456 (2.9s)
[137/140] {'alpha': 1.0, 'shrink': 500, 'top_k': 20} -> ndcg@10=0.0151 hr@100=0.2688 (3.0s)
[138/140] {'alpha': 1.0, 'shrink': 500, 'top_k': 50} -> ndcg@10=0.0262 hr@100=0.2822 (2.9s)
[139/140] {'alpha': 1.0, 'shrink': 500, 'top_k': 100} -> ndcg@10=0.0288 hr@100=0.2842 (3.0s)
[140/140] {'alpha': 1.0, 'shrink': 500, 'top_k': 200} -> ndcg@10=0.0283 hr@100=0.2816 (3.0s)

best on valid: {'top_k': 50, 'shrink': 100, 'alpha': 0.25} ndcg@10=0.0418
user_knn       valid hr@10=0.0850 ndcg@10=0.0418 hr@20=0.1434 ndcg@20=0.0564 hr@100=0.4013 ndcg@100=0.1024 mrr=0.0405
user_knn       test  hr@10=0.0787 ndcg@10=0.0388 hr@20=0.1289 ndcg@20=0.0514 hr@100=0.3705 ndcg@100=0.0945 mrr=0.0376

saved -> /home/kohei/WorkSpace/blog/recommend_ml/results/tuning_user_knn_min3.csv
saved -> /home/kohei/WorkSpace/blog/recommend_ml/results/results.csv
